Archive member included because of file (symbol)

e:/winavr-20100110/bin/../lib/gcc/avr/4.3.3/avr5\libgcc.a(_udivmodqi4.o)
                              Atmega16_TI_RF.o (__udivmodqi4)
e:/winavr-20100110/bin/../lib/gcc/avr/4.3.3/avr5\libgcc.a(_udivmodhi4.o)
                              Atmega16_TI_RF.o (__udivmodhi4)
e:/winavr-20100110/bin/../lib/gcc/avr/4.3.3/avr5\libgcc.a(_exit.o)
                              e:/winavr-20100110/bin/../lib/gcc/avr/4.3.3/../../../../avr/lib/avr5/crtm16.o (exit)
e:/winavr-20100110/bin/../lib/gcc/avr/4.3.3/avr5\libgcc.a(_copy_data.o)
                              Atmega16_TI_RF.o (__do_copy_data)
e:/winavr-20100110/bin/../lib/gcc/avr/4.3.3/avr5\libgcc.a(_clear_bss.o)
                              Atmega16_TI_RF.o (__do_clear_bss)

Allocating common symbols
Common symbol       size              file

j                   0x1               Atmega16_TI_RF.o
l                   0x1               Atmega16_TI_RF.o
k                   0x1               Atmega16_TI_RF.o
i                   0x1               Atmega16_TI_RF.o
Modbus_TxBuff       0x14              Atmega16_TI_RF.o
ADC_Debounce_State  0x1               Atmega16_TI_RF.o
Mbus_RxBuff         0xa               Uart.o
ADC_Debounce_ChNo   0x8               Atmega16_TI_RF.o
TimerStart          0xa               SW_TIMER.o
TimerTimeOutVal     0xa               SW_TIMER.o
TimerState          0x5               SW_TIMER.o

Memory Configuration

Name             Origin             Length             Attributes
text             0x00000000         0x00020000         xr
data             0x00800060         0x0000ffa0         rw !x
eeprom           0x00810000         0x00010000         rw !x
fuse             0x00820000         0x00000400         rw !x
lock             0x00830000         0x00000400         rw !x
signature        0x00840000         0x00000400         rw !x
*default*        0x00000000         0xffffffff

Linker script and memory map

LOAD e:/winavr-20100110/bin/../lib/gcc/avr/4.3.3/../../../../avr/lib/avr5/crtm16.o
LOAD Atmega16_TI_RF.o
LOAD Timer0.o
LOAD Uart.o
LOAD Dio_c.o
LOAD LCD_Mode4.o
LOAD SW_TIMER.o
LOAD Switch_c.o
LOAD e:/winavr-20100110/bin/../lib/gcc/avr/4.3.3/avr5\libgcc.a
LOAD e:/winavr-20100110/bin/../lib/gcc/avr/4.3.3/../../../../avr/lib/avr5\libc.a
LOAD e:/winavr-20100110/bin/../lib/gcc/avr/4.3.3/avr5\libgcc.a

.hash
 *(.hash)

.dynsym
 *(.dynsym)

.dynstr
 *(.dynstr)

.gnu.version
 *(.gnu.version)

.gnu.version_d
 *(.gnu.version_d)

.gnu.version_r
 *(.gnu.version_r)

.rel.init
 *(.rel.init)

.rela.init
 *(.rela.init)

.rel.text
 *(.rel.text)
 *(.rel.text.*)
 *(.rel.gnu.linkonce.t*)

.rela.text
 *(.rela.text)
 *(.rela.text.*)
 *(.rela.gnu.linkonce.t*)

.rel.fini
 *(.rel.fini)

.rela.fini
 *(.rela.fini)

.rel.rodata
 *(.rel.rodata)
 *(.rel.rodata.*)
 *(.rel.gnu.linkonce.r*)

.rela.rodata
 *(.rela.rodata)
 *(.rela.rodata.*)
 *(.rela.gnu.linkonce.r*)

.rel.data
 *(.rel.data)
 *(.rel.data.*)
 *(.rel.gnu.linkonce.d*)

.rela.data
 *(.rela.data)
 *(.rela.data.*)
 *(.rela.gnu.linkonce.d*)

.rel.ctors
 *(.rel.ctors)

.rela.ctors
 *(.rela.ctors)

.rel.dtors
 *(.rel.dtors)

.rela.dtors
 *(.rela.dtors)

.rel.got
 *(.rel.got)

.rela.got
 *(.rela.got)

.rel.bss
 *(.rel.bss)

.rela.bss
 *(.rela.bss)

.rel.plt
 *(.rel.plt)

.rela.plt
 *(.rela.plt)

.text           0x00000000     0x110e
 *(.vectors)
 .vectors       0x00000000       0x54 e:/winavr-20100110/bin/../lib/gcc/avr/4.3.3/../../../../avr/lib/avr5/crtm16.o
                0x00000000                __vectors
                0x00000000                __vector_default
 *(.vectors)
 *(.progmem.gcc*)
 *(.progmem*)
                0x00000054                . = ALIGN (0x2)
                0x00000054                __trampolines_start = .
 *(.trampolines)
 .trampolines   0x00000054        0x0 linker stubs
 *(.trampolines*)
                0x00000054                __trampolines_end = .
 *(.jumptables)
 *(.jumptables*)
 *(.lowtext)
 *(.lowtext*)
                0x00000054                __ctors_start = .
 *(.ctors)
                0x00000054                __ctors_end = .
                0x00000054                __dtors_start = .
 *(.dtors)
                0x00000054                __dtors_end = .
 SORT(*)(.ctors)
 SORT(*)(.dtors)
 *(.init0)
 .init0         0x00000054        0x0 e:/winavr-20100110/bin/../lib/gcc/avr/4.3.3/../../../../avr/lib/avr5/crtm16.o
                0x00000054                __init
 *(.init0)
 *(.init1)
 *(.init1)
 *(.init2)
 .init2         0x00000054        0xc e:/winavr-20100110/bin/../lib/gcc/avr/4.3.3/../../../../avr/lib/avr5/crtm16.o
 *(.init2)
 *(.init3)
 *(.init3)
 *(.init4)
 .init4         0x00000060       0x16 e:/winavr-20100110/bin/../lib/gcc/avr/4.3.3/avr5\libgcc.a(_copy_data.o)
                0x00000060                __do_copy_data
 .init4         0x00000076       0x10 e:/winavr-20100110/bin/../lib/gcc/avr/4.3.3/avr5\libgcc.a(_clear_bss.o)
                0x00000076                __do_clear_bss
 *(.init4)
 *(.init5)
 *(.init5)
 *(.init6)
 *(.init6)
 *(.init7)
 *(.init7)
 *(.init8)
 *(.init8)
 *(.init9)
 .init9         0x00000086        0x8 e:/winavr-20100110/bin/../lib/gcc/avr/4.3.3/../../../../avr/lib/avr5/crtm16.o
 *(.init9)
 *(.text)
 .text          0x0000008e        0x4 e:/winavr-20100110/bin/../lib/gcc/avr/4.3.3/../../../../avr/lib/avr5/crtm16.o
                0x0000008e                __vector_1
                0x0000008e                __vector_12
                0x0000008e                __bad_interrupt
                0x0000008e                __vector_6
                0x0000008e                __vector_3
                0x0000008e                __vector_13
                0x0000008e                __vector_17
                0x0000008e                __vector_19
                0x0000008e                __vector_7
                0x0000008e                __vector_5
                0x0000008e                __vector_2
                0x0000008e                __vector_15
                0x0000008e                __vector_8
                0x0000008e                __vector_14
                0x0000008e                __vector_10
                0x0000008e                __vector_16
                0x0000008e                __vector_18
                0x0000008e                __vector_20
 .text          0x00000092      0x5dc Atmega16_TI_RF.o
                0x00000092                ADC_ReadDisp_All
                0x00000446                main
 .text          0x0000066e       0xd4 Timer0.o
                0x00000726                __vector_4
                0x000006c2                RTC_init
                0x0000067e                __vector_9
                0x0000066e                InitTimer0
 .text          0x00000742      0x1c4 Uart.o
                0x00000758                Uart_TxChar
                0x00000896                __vector_11
                0x00000760                Uart_RcChar
                0x00000742                Uart_init
                0x00000768                get_crc16
 .text          0x00000906       0xae Dio_c.o
                0x0000094c                GLCD_On
                0x00000928                GLCD_Data
                0x00000924                GLCD_Status
                0x0000095e                GLCD_init
                0x00000906                ADC_init
                0x0000093a                GLCD_Command
                0x00000926                GLCD_delay
                0x0000090e                ADC_Read_CH
 .text          0x000009b4      0x554 LCD_Mode4.o
                0x000009e4                lcd_write_instruction_4d
                0x00000b7c                lcd_init_4d
                0x000009b4                lcd_write_4
                0x00000d58                main1213
                0x00000a50                lcd_write_character_4d
                0x00000abc                lcd_write_string_4d
 .text          0x00000f08       0xf6 SW_TIMER.o
                0x00000f70                Start_Timer
                0x00000f08                init_SWTimer
                0x00000fa0                GetTimer_State
                0x00000ff0                Stop_Timer
 .text          0x00000ffe       0xcc Switch_c.o
                0x0000101c                switch_service
                0x00001016                Get_Switch_Status
                0x00000ffe                switch_init
                0x00001008                Clear_SwitchStatus
 .text          0x000010ca        0x0 e:/winavr-20100110/bin/../lib/gcc/avr/4.3.3/avr5\libgcc.a(_udivmodqi4.o)
 .text          0x000010ca        0x0 e:/winavr-20100110/bin/../lib/gcc/avr/4.3.3/avr5\libgcc.a(_udivmodhi4.o)
 .text          0x000010ca        0x0 e:/winavr-20100110/bin/../lib/gcc/avr/4.3.3/avr5\libgcc.a(_exit.o)
 .text          0x000010ca        0x0 e:/winavr-20100110/bin/../lib/gcc/avr/4.3.3/avr5\libgcc.a(_copy_data.o)
 .text          0x000010ca        0x0 e:/winavr-20100110/bin/../lib/gcc/avr/4.3.3/avr5\libgcc.a(_clear_bss.o)
                0x000010ca                . = ALIGN (0x2)
 *(.text.*)
 .text.libgcc   0x000010ca       0x18 e:/winavr-20100110/bin/../lib/gcc/avr/4.3.3/avr5\libgcc.a(_udivmodqi4.o)
                0x000010ca                __udivmodqi4
 .text.libgcc   0x000010e2       0x28 e:/winavr-20100110/bin/../lib/gcc/avr/4.3.3/avr5\libgcc.a(_udivmodhi4.o)
                0x000010e2                __udivmodhi4
 .text.libgcc   0x0000110a        0x0 e:/winavr-20100110/bin/../lib/gcc/avr/4.3.3/avr5\libgcc.a(_exit.o)
 .text.libgcc   0x0000110a        0x0 e:/winavr-20100110/bin/../lib/gcc/avr/4.3.3/avr5\libgcc.a(_copy_data.o)
 .text.libgcc   0x0000110a        0x0 e:/winavr-20100110/bin/../lib/gcc/avr/4.3.3/avr5\libgcc.a(_clear_bss.o)
                0x0000110a                . = ALIGN (0x2)
 *(.fini9)
 .fini9         0x0000110a        0x0 e:/winavr-20100110/bin/../lib/gcc/avr/4.3.3/avr5\libgcc.a(_exit.o)
                0x0000110a                exit
                0x0000110a                _exit
 *(.fini9)
 *(.fini8)
 *(.fini8)
 *(.fini7)
 *(.fini7)
 *(.fini6)
 *(.fini6)
 *(.fini5)
 *(.fini5)
 *(.fini4)
 *(.fini4)
 *(.fini3)
 *(.fini3)
 *(.fini2)
 *(.fini2)
 *(.fini1)
 *(.fini1)
 *(.fini0)
 .fini0         0x0000110a        0x4 e:/winavr-20100110/bin/../lib/gcc/avr/4.3.3/avr5\libgcc.a(_exit.o)
 *(.fini0)
                0x0000110e                _etext = .

.data           0x00800060       0x50 load address 0x0000110e
                0x00800060                PROVIDE (__data_start, .)
 *(.data)
 .data          0x00800060        0x0 e:/winavr-20100110/bin/../lib/gcc/avr/4.3.3/../../../../avr/lib/avr5/crtm16.o
 .data          0x00800060       0x11 Atmega16_TI_RF.o
                0x00800070                Sec_Counter
 .data          0x00800071        0x0 Timer0.o
 .data          0x00800071        0x1 Uart.o
                0x00800071                Rx_Char
 .data          0x00800072        0x0 Dio_c.o
 .data          0x00800072       0x2b LCD_Mode4.o
                0x0080007f                program_version
                0x00800090                program_date
                0x00800072                program_author
 .data          0x0080009d        0x0 SW_TIMER.o
 .data          0x0080009d       0x12 Switch_c.o
 .data          0x008000af        0x0 e:/winavr-20100110/bin/../lib/gcc/avr/4.3.3/avr5\libgcc.a(_udivmodqi4.o)
 .data          0x008000af        0x0 e:/winavr-20100110/bin/../lib/gcc/avr/4.3.3/avr5\libgcc.a(_udivmodhi4.o)
 .data          0x008000af        0x0 e:/winavr-20100110/bin/../lib/gcc/avr/4.3.3/avr5\libgcc.a(_exit.o)
 .data          0x008000af        0x0 e:/winavr-20100110/bin/../lib/gcc/avr/4.3.3/avr5\libgcc.a(_copy_data.o)
 .data          0x008000af        0x0 e:/winavr-20100110/bin/../lib/gcc/avr/4.3.3/avr5\libgcc.a(_clear_bss.o)
 *(.data*)
 *(.rodata)
 *(.rodata*)
 *(.gnu.linkonce.d*)
                0x008000b0                . = ALIGN (0x2)
 *fill*         0x008000af        0x1 00
                0x008000b0                _edata = .
                0x008000b0                PROVIDE (__data_end, .)

.bss            0x008000b0       0x56
                0x008000b0                PROVIDE (__bss_start, .)
 *(.bss)
 .bss           0x008000b0        0x0 e:/winavr-20100110/bin/../lib/gcc/avr/4.3.3/../../../../avr/lib/avr5/crtm16.o
 .bss           0x008000b0        0x9 Atmega16_TI_RF.o
                0x008000b7                MB_Requested_Length
                0x008000b5                Calculated_crc_Val
                0x008000b0                Adc_result_u16
                0x008000b3                Received_crc_Val
                0x008000b2                a
 .bss           0x008000b9        0x4 Timer0.o
                0x008000b9                Ref1msCounter
                0x008000bb                SWTimer_Ref1msCounter
 .bss           0x008000bd        0x1 Uart.o
                0x008000bd                Mbus_RxBuff_Counter
 .bss           0x008000be        0x0 Dio_c.o
 .bss           0x008000be        0x0 LCD_Mode4.o
 .bss           0x008000be        0x0 SW_TIMER.o
 .bss           0x008000be        0x4 Switch_c.o
                0x008000be                Motor_Command
 .bss           0x008000c2        0x0 e:/winavr-20100110/bin/../lib/gcc/avr/4.3.3/avr5\libgcc.a(_udivmodqi4.o)
 .bss           0x008000c2        0x0 e:/winavr-20100110/bin/../lib/gcc/avr/4.3.3/avr5\libgcc.a(_udivmodhi4.o)
 .bss           0x008000c2        0x0 e:/winavr-20100110/bin/../lib/gcc/avr/4.3.3/avr5\libgcc.a(_exit.o)
 .bss           0x008000c2        0x0 e:/winavr-20100110/bin/../lib/gcc/avr/4.3.3/avr5\libgcc.a(_copy_data.o)
 .bss           0x008000c2        0x0 e:/winavr-20100110/bin/../lib/gcc/avr/4.3.3/avr5\libgcc.a(_clear_bss.o)
 *(.bss*)
 *(COMMON)
 COMMON         0x008000c2       0x21 Atmega16_TI_RF.o
                0x008000c2                j
                0x008000c3                l
                0x008000c4                k
                0x008000c5                i
                0x008000c6                Modbus_TxBuff
                0x008000da                ADC_Debounce_State
                0x008000db                ADC_Debounce_ChNo
 COMMON         0x008000e3        0xa Uart.o
                0x008000e3                Mbus_RxBuff
 COMMON         0x008000ed       0x19 SW_TIMER.o
                0x008000ed                TimerStart
                0x008000f7                TimerTimeOutVal
                0x00800101                TimerState
                0x00800106                PROVIDE (__bss_end, .)
                0x0000110e                __data_load_start = LOADADDR (.data)
                0x0000115e                __data_load_end = (__data_load_start + SIZEOF (.data))

.noinit         0x00800106        0x0
                0x00800106                PROVIDE (__noinit_start, .)
 *(.noinit*)
                0x00800106                PROVIDE (__noinit_end, .)
                0x00800106                _end = .
                0x00800106                PROVIDE (__heap_start, .)

.eeprom         0x00810000        0x0
 *(.eeprom*)
                0x00810000                __eeprom_end = .

.fuse
 *(.fuse)
 *(.lfuse)
 *(.hfuse)
 *(.efuse)

.lock
 *(.lock*)

.signature
 *(.signature*)

.stab
 *(.stab)

.stabstr
 *(.stabstr)

.stab.excl
 *(.stab.excl)

.stab.exclstr
 *(.stab.exclstr)

.stab.index
 *(.stab.index)

.stab.indexstr
 *(.stab.indexstr)

.comment
 *(.comment)

.debug
 *(.debug)

.line
 *(.line)

.debug_srcinfo
 *(.debug_srcinfo)

.debug_sfnames
 *(.debug_sfnames)

.debug_aranges  0x00000000       0xe0
 *(.debug_aranges)
 .debug_aranges
                0x00000000       0x20 Atmega16_TI_RF.o
 .debug_aranges
                0x00000020       0x20 Timer0.o
 .debug_aranges
                0x00000040       0x20 Uart.o
 .debug_aranges
                0x00000060       0x20 Dio_c.o
 .debug_aranges
                0x00000080       0x20 LCD_Mode4.o
 .debug_aranges
                0x000000a0       0x20 SW_TIMER.o
 .debug_aranges
                0x000000c0       0x20 Switch_c.o

.debug_pubnames
                0x00000000      0x447
 *(.debug_pubnames)
 .debug_pubnames
                0x00000000       0xf4 Atmega16_TI_RF.o
 .debug_pubnames
                0x000000f4       0x78 Timer0.o
 .debug_pubnames
                0x0000016c       0x92 Uart.o
 .debug_pubnames
                0x000001fe       0x87 Dio_c.o
 .debug_pubnames
                0x00000285       0xc7 LCD_Mode4.o
 .debug_pubnames
                0x0000034c       0x87 SW_TIMER.o
 .debug_pubnames
                0x000003d3       0x74 Switch_c.o

.debug_info     0x00000000     0x2790
 *(.debug_info)
 .debug_info    0x00000000      0x48e Atmega16_TI_RF.o
 .debug_info    0x0000048e      0x18d Timer0.o
 .debug_info    0x0000061b      0x1bd Uart.o
 .debug_info    0x000007d8      0x36b Dio_c.o
 .debug_info    0x00000b43     0x198c LCD_Mode4.o
 .debug_info    0x000024cf      0x18a SW_TIMER.o
 .debug_info    0x00002659      0x137 Switch_c.o
 *(.gnu.linkonce.wi.*)

.debug_abbrev   0x00000000      0x823
 *(.debug_abbrev)
 .debug_abbrev  0x00000000      0x168 Atmega16_TI_RF.o
 .debug_abbrev  0x00000168       0xe2 Timer0.o
 .debug_abbrev  0x0000024a      0x112 Uart.o
 .debug_abbrev  0x0000035c      0x142 Dio_c.o
 .debug_abbrev  0x0000049e      0x1d0 LCD_Mode4.o
 .debug_abbrev  0x0000066e       0xc9 SW_TIMER.o
 .debug_abbrev  0x00000737       0xec Switch_c.o

.debug_line     0x00000000     0x1f18
 *(.debug_line)
 .debug_line    0x00000000      0x71b Atmega16_TI_RF.o
 .debug_line    0x0000071b      0x1c7 Timer0.o
 .debug_line    0x000008e2      0x250 Uart.o
 .debug_line    0x00000b32      0x310 Dio_c.o
 .debug_line    0x00000e42      0xd9a LCD_Mode4.o
 .debug_line    0x00001bdc      0x163 SW_TIMER.o
 .debug_line    0x00001d3f      0x1d9 Switch_c.o

.debug_frame    0x00000000      0x280
 *(.debug_frame)
 .debug_frame   0x00000000       0x30 Atmega16_TI_RF.o
 .debug_frame   0x00000030       0x50 Timer0.o
 .debug_frame   0x00000080       0x60 Uart.o
 .debug_frame   0x000000e0       0x90 Dio_c.o
 .debug_frame   0x00000170       0x70 LCD_Mode4.o
 .debug_frame   0x000001e0       0x50 SW_TIMER.o
 .debug_frame   0x00000230       0x50 Switch_c.o

.debug_str      0x00000000      0x4bc
 *(.debug_str)
 .debug_str     0x00000000      0x186 Atmega16_TI_RF.o
                                0x1ba (size before relaxing)
 .debug_str     0x00000186       0x51 Timer0.o
                                0x149 (size before relaxing)
 .debug_str     0x000001d7       0x64 Uart.o
                                0x134 (size before relaxing)
 .debug_str     0x0000023b       0x70 Dio_c.o
                                0x125 (size before relaxing)
 .debug_str     0x000002ab       0xe6 LCD_Mode4.o
                                0x1d0 (size before relaxing)
 .debug_str     0x00000391       0x8b SW_TIMER.o
                                0x140 (size before relaxing)
 .debug_str     0x0000041c       0xa0 Switch_c.o
                                0x147 (size before relaxing)

.debug_loc      0x00000000      0xaff
 *(.debug_loc)
 .debug_loc     0x00000000      0x108 Atmega16_TI_RF.o
 .debug_loc     0x00000108       0x18 Timer0.o
 .debug_loc     0x00000120      0x25b Uart.o
 .debug_loc     0x0000037b       0x13 Dio_c.o
 .debug_loc     0x0000038e      0x70f LCD_Mode4.o
 .debug_loc     0x00000a9d       0x39 SW_TIMER.o
 .debug_loc     0x00000ad6       0x29 Switch_c.o

.debug_macinfo
 *(.debug_macinfo)
OUTPUT(GLCD_Test.elf elf32-avr)
LOAD linker stubs

.debug_ranges   0x00000000      0x360
 .debug_ranges  0x00000000       0x48 Atmega16_TI_RF.o
 .debug_ranges  0x00000048      0x318 LCD_Mode4.o
